2026-02-16T08:35:31.509Z - SupervisorPage STORES: [
  {
    "id": 12,
    "name": "Tienda error",
    "address": "Hidalgo 1208 Pte, Centro",
    "code": "AR-B921EC",
    "address_detail": "Jsjsja",
    "suburb_name": "Najajaj",
    "zip_code": "67480",
    "municipality": "Cadereyta",
    "avatar_name": null,
    "avatar_url": null
  },
  {
    "id": 11,
    "name": "Monte bello",
    "address": "123",
    "code": "AR-690D12",
    "address_detail": "123",
    "suburb_name": "123",
    "zip_code": "12345",
    "municipality": "123",
    "avatar_name": null,
    "avatar_url": null
  },
  {
    "id": 9,
    "name": "Tienda Eduardo prueba",
    "address": "Hidalgo 1208 Pte, Centro",
    "code": "AR-F24C38",
    "address_detail": "Hsjsss",
    "suburb_name": "Jsjsjsjs",
    "zip_code": "67480",
    "municipality": "Jsjssjjs",
    "avatar_name": "748716f0-8bf5-4f6f-9e46-1697a2f0761a",
    "avatar_url": "https://res.cloudinary.com/dixexygod/image/upload/v1762500532/images/stores/748716f0-8bf5-4f6f-9e46-1697a2f0761a.webp"
  },
  {
    "id": 8,
    "name": "Prueba Eduardo",
    "address": "Dirección",
    "code": "AR-EB3D00",
    "address_detail": "Descripción",
    "suburb_name": "Barrio",
    "zip_code": "01234",
    "municipality": "Municipio",
    "avatar_name": null,
    "avatar_url": null
  },
  {
    "id": 7,
    "name": "almacen",
    "address": "1",
    "code": "AR-7B796C",
    "address_detail": "1",
    "suburb_name": "1",
    "zip_code": "11111",
    "municipality": "1",
    "avatar_name": null,
    "avatar_url": null
  },
  {
    "id": 6,
    "name": "suc  eloy cavazos",
    "address": "Dirección",
    "code": "AR-47D2A9",
    "address_detail": "Descripción",
    "suburb_name": "Barrio",
    "zip_code": "20001",
    "municipality": "Municipio",
    "avatar_name": null,
    "avatar_url": null
  },
  {
    "id": 5,
    "name": "suc estanzuela",
    "address": "cra 102 N 69 34",
    "code": "123456",
    "address_detail": "asdasd",
    "suburb_name": "BOGOTÁ, D.C.",
    "zip_code": "11104",
    "municipality": "asdasd",
    "avatar_name": null,
    "avatar_url": null
  },
  {
    "id": 4,
    "name": "suc san roque",
    "address": "Dirección prueba",
    "code": "STR001",
    "address_detail": "Descripción",
    "suburb_name": "Barrio",
    "zip_code": "10001",
    "municipality": "Municipio",
    "avatar_name": null,
    "avatar_url": null
  },
  {
    "id": 3,
    "name": "Eduardo Alejandro",
    "address": "Hidalgo 1208 Pte, Centro",
    "code": "356788",
    "address_detail": "Tienda",
    "suburb_name": "Hvbb",
    "zip_code": "67480",
    "municipality": "Cadereyta",
    "avatar_name": null,
    "avatar_url": null
  },
  {
    "id": 2,
    "name": "suc santa isabel",
    "address": "CR 102 #69 - 34 COLINAS CASA 116",
    "code": "abc123",
    "address_detail": "asdasdasd",
    "suburb_name": "BOGOTA",
    "zip_code": "12345",
    "municipality": "Bogotá",
    "avatar_name": null,
    "avatar_url": null
  }
]
2026-02-16T08:36:43.050Z - SupervisorPage STORES: [
  {
    "id": 12,
    "name": "Tienda error",
    "address": "Hidalgo 1208 Pte, Centro",
    "code": "AR-B921EC",
    "address_detail": "Jsjsja",
    "suburb_name": "Najajaj",
    "zip_code": "67480",
    "municipality": "Cadereyta",
    "avatar_name": null,
    "avatar_url": null
  },
  {
    "id": 11,
    "name": "Monte bello",
    "address": "123",
    "code": "AR-690D12",
    "address_detail": "123",
    "suburb_name": "123",
    "zip_code": "12345",
    "municipality": "123",
    "avatar_name": null,
    "avatar_url": null
  },
  {
    "id": 9,
    "name": "Tienda Eduardo prueba",
    "address": "Hidalgo 1208 Pte, Centro",
    "code": "AR-F24C38",
    "address_detail": "Hsjsss",
    "suburb_name": "Jsjsjsjs",
    "zip_code": "67480",
    "municipality": "Jsjssjjs",
    "avatar_name": "748716f0-8bf5-4f6f-9e46-1697a2f0761a",
    "avatar_url": "https://res.cloudinary.com/dixexygod/image/upload/v1762500532/images/stores/748716f0-8bf5-4f6f-9e46-1697a2f0761a.webp"
  },
  {
    "id": 8,
    "name": "Prueba Eduardo",
    "address": "Dirección",
    "code": "AR-EB3D00",
    "address_detail": "Descripción",
    "suburb_name": "Barrio",
    "zip_code": "01234",
    "municipality": "Municipio",
    "avatar_name": null,
    "avatar_url": null
  },
  {
    "id": 7,
    "name": "almacen",
    "address": "1",
    "code": "AR-7B796C",
    "address_detail": "1",
    "suburb_name": "1",
    "zip_code": "11111",
    "municipality": "1",
    "avatar_name": null,
    "avatar_url": null
  },
  {
    "id": 6,
    "name": "suc  eloy cavazos",
    "address": "Dirección",
    "code": "AR-47D2A9",
    "address_detail": "Descripción",
    "suburb_name": "Barrio",
    "zip_code": "20001",
    "municipality": "Municipio",
    "avatar_name": null,
    "avatar_url": null
  },
  {
    "id": 5,
    "name": "suc estanzuela",
    "address": "cra 102 N 69 34",
    "code": "123456",
    "address_detail": "asdasd",
    "suburb_name": "BOGOTÁ, D.C.",
    "zip_code": "11104",
    "municipality": "asdasd",
    "avatar_name": null,
    "avatar_url": null
  },
  {
    "id": 4,
    "name": "suc san roque",
    "address": "Dirección prueba",
    "code": "STR001",
    "address_detail": "Descripción",
    "suburb_name": "Barrio",
    "zip_code": "10001",
    "municipality": "Municipio",
    "avatar_name": null,
    "avatar_url": null
  },
  {
    "id": 3,
    "name": "Eduardo Alejandro",
    "address": "Hidalgo 1208 Pte, Centro",
    "code": "356788",
    "address_detail": "Tienda",
    "suburb_name": "Hvbb",
    "zip_code": "67480",
    "municipality": "Cadereyta",
    "avatar_name": null,
    "avatar_url": null
  },
  {
    "id": 2,
    "name": "suc santa isabel",
    "address": "CR 102 #69 - 34 COLINAS CASA 116",
    "code": "abc123",
    "address_detail": "asdasdasd",
    "suburb_name": "BOGOTA",
    "zip_code": "12345",
    "municipality": "Bogotá",
    "avatar_name": null,
    "avatar_url": null
  }
]
2026-02-16T08:37:55.747Z - SupervisorPage STORES: [
  {
    "id": 12,
    "name": "Tienda error",
    "address": "Hidalgo 1208 Pte, Centro",
    "code": "AR-B921EC",
    "address_detail": "Jsjsja",
    "suburb_name": "Najajaj",
    "zip_code": "67480",
    "municipality": "Cadereyta",
    "avatar_name": null,
    "avatar_url": null
  },
  {
    "id": 11,
    "name": "Monte bello",
    "address": "123",
    "code": "AR-690D12",
    "address_detail": "123",
    "suburb_name": "123",
    "zip_code": "12345",
    "municipality": "123",
    "avatar_name": null,
    "avatar_url": null
  },
  {
    "id": 9,
    "name": "Tienda Eduardo prueba",
    "address": "Hidalgo 1208 Pte, Centro",
    "code": "AR-F24C38",
    "address_detail": "Hsjsss",
    "suburb_name": "Jsjsjsjs",
    "zip_code": "67480",
    "municipality": "Jsjssjjs",
    "avatar_name": "748716f0-8bf5-4f6f-9e46-1697a2f0761a",
    "avatar_url": "https://res.cloudinary.com/dixexygod/image/upload/v1762500532/images/stores/748716f0-8bf5-4f6f-9e46-1697a2f0761a.webp"
  },
  {
    "id": 8,
    "name": "Prueba Eduardo",
    "address": "Dirección",
    "code": "AR-EB3D00",
    "address_detail": "Descripción",
    "suburb_name": "Barrio",
    "zip_code": "01234",
    "municipality": "Municipio",
    "avatar_name": null,
    "avatar_url": null
  },
  {
    "id": 7,
    "name": "almacen",
    "address": "1",
    "code": "AR-7B796C",
    "address_detail": "1",
    "suburb_name": "1",
    "zip_code": "11111",
    "municipality": "1",
    "avatar_name": null,
    "avatar_url": null
  },
  {
    "id": 6,
    "name": "suc  eloy cavazos",
    "address": "Dirección",
    "code": "AR-47D2A9",
    "address_detail": "Descripción",
    "suburb_name": "Barrio",
    "zip_code": "20001",
    "municipality": "Municipio",
    "avatar_name": null,
    "avatar_url": null
  },
  {
    "id": 5,
    "name": "suc estanzuela",
    "address": "cra 102 N 69 34",
    "code": "123456",
    "address_detail": "asdasd",
    "suburb_name": "BOGOTÁ, D.C.",
    "zip_code": "11104",
    "municipality": "asdasd",
    "avatar_name": null,
    "avatar_url": null
  },
  {
    "id": 4,
    "name": "suc san roque",
    "address": "Dirección prueba",
    "code": "STR001",
    "address_detail": "Descripción",
    "suburb_name": "Barrio",
    "zip_code": "10001",
    "municipality": "Municipio",
    "avatar_name": null,
    "avatar_url": null
  },
  {
    "id": 3,
    "name": "Eduardo Alejandro",
    "address": "Hidalgo 1208 Pte, Centro",
    "code": "356788",
    "address_detail": "Tienda",
    "suburb_name": "Hvbb",
    "zip_code": "67480",
    "municipality": "Cadereyta",
    "avatar_name": null,
    "avatar_url": null
  },
  {
    "id": 2,
    "name": "suc santa isabel",
    "address": "CR 102 #69 - 34 COLINAS CASA 116",
    "code": "abc123",
    "address_detail": "asdasdasd",
    "suburb_name": "BOGOTA",
    "zip_code": "12345",
    "municipality": "Bogotá",
    "avatar_name": null,
    "avatar_url": null
  }
]
