2026-02-16T08:25:58.675Z - BadRequestError: Error de validación
    at Function.badRequest (C:\Users\super\Desktop\cantu-meat\cantu-project\backend\src\shared\errors\app.error.ts:52:12)
    at ValidatorMiddleware.<anonymous> (C:\Users\super\Desktop\cantu-meat\cantu-project\backend\src\shared\interfaces\middlewares\validator.handler.ts:16:19)
    at Generator.next (<anonymous>)
    at fulfilled (C:\Users\super\Desktop\cantu-meat\cantu-project\backend\src\shared\interfaces\middlewares\validator.handler.ts:5:58)
    at processTicksAndRejections (node:internal/process/task_queues:105:5)
2026-02-16T08:26:04.932Z - BadRequestError: Error de validación
    at Function.badRequest (C:\Users\super\Desktop\cantu-meat\cantu-project\backend\src\shared\errors\app.error.ts:52:12)
    at ValidatorMiddleware.<anonymous> (C:\Users\super\Desktop\cantu-meat\cantu-project\backend\src\shared\interfaces\middlewares\validator.handler.ts:16:19)
    at Generator.next (<anonymous>)
    at fulfilled (C:\Users\super\Desktop\cantu-meat\cantu-project\backend\src\shared\interfaces\middlewares\validator.handler.ts:5:58)
    at processTicksAndRejections (node:internal/process/task_queues:105:5)
2026-02-16T08:26:05.066Z - BadRequestError: Error de validación
    at Function.badRequest (C:\Users\super\Desktop\cantu-meat\cantu-project\backend\src\shared\errors\app.error.ts:52:12)
    at ValidatorMiddleware.<anonymous> (C:\Users\super\Desktop\cantu-meat\cantu-project\backend\src\shared\interfaces\middlewares\validator.handler.ts:16:19)
    at Generator.next (<anonymous>)
    at fulfilled (C:\Users\super\Desktop\cantu-meat\cantu-project\backend\src\shared\interfaces\middlewares\validator.handler.ts:5:58)
    at processTicksAndRejections (node:internal/process/task_queues:105:5)
2026-02-16T08:31:36.244Z - BadRequestError: Error de validación
    at Function.badRequest (C:\Users\super\Desktop\cantu-meat\cantu-project\backend\src\shared\errors\app.error.ts:52:12)
    at ValidatorMiddleware.<anonymous> (C:\Users\super\Desktop\cantu-meat\cantu-project\backend\src\shared\interfaces\middlewares\validator.handler.ts:25:19)
    at Generator.next (<anonymous>)
    at fulfilled (C:\Users\super\Desktop\cantu-meat\cantu-project\backend\src\shared\interfaces\middlewares\validator.handler.ts:5:58)
    at processTicksAndRejections (node:internal/process/task_queues:105:5)
2026-02-16T08:31:45.467Z - BadRequestError: Error de validación
    at Function.badRequest (C:\Users\super\Desktop\cantu-meat\cantu-project\backend\src\shared\errors\app.error.ts:52:12)
    at ValidatorMiddleware.<anonymous> (C:\Users\super\Desktop\cantu-meat\cantu-project\backend\src\shared\interfaces\middlewares\validator.handler.ts:25:19)
    at Generator.next (<anonymous>)
    at fulfilled (C:\Users\super\Desktop\cantu-meat\cantu-project\backend\src\shared\interfaces\middlewares\validator.handler.ts:5:58)
    at processTicksAndRejections (node:internal/process/task_queues:105:5)
2026-02-16T08:31:45.640Z - BadRequestError: Error de validación
    at Function.badRequest (C:\Users\super\Desktop\cantu-meat\cantu-project\backend\src\shared\errors\app.error.ts:52:12)
    at ValidatorMiddleware.<anonymous> (C:\Users\super\Desktop\cantu-meat\cantu-project\backend\src\shared\interfaces\middlewares\validator.handler.ts:25:19)
    at Generator.next (<anonymous>)
    at fulfilled (C:\Users\super\Desktop\cantu-meat\cantu-project\backend\src\shared\interfaces\middlewares\validator.handler.ts:5:58)
    at processTicksAndRejections (node:internal/process/task_queues:105:5)
2026-02-16T08:33:21.730Z - BadRequestError: Error de validación
    at Function.badRequest (C:\Users\super\Desktop\cantu-meat\cantu-project\backend\src\shared\errors\app.error.ts:52:12)
    at ValidatorMiddleware.<anonymous> (C:\Users\super\Desktop\cantu-meat\cantu-project\backend\src\shared\interfaces\middlewares\validator.handler.ts:25:19)
    at Generator.next (<anonymous>)
    at fulfilled (C:\Users\super\Desktop\cantu-meat\cantu-project\backend\src\shared\interfaces\middlewares\validator.handler.ts:5:58)
    at processTicksAndRejections (node:internal/process/task_queues:105:5)
2026-02-16T08:33:51.315Z - BadRequestError: Error de validación
    at Function.badRequest (C:\Users\super\Desktop\cantu-meat\cantu-project\backend\src\shared\errors\app.error.ts:52:12)
    at ValidatorMiddleware.<anonymous> (C:\Users\super\Desktop\cantu-meat\cantu-project\backend\src\shared\interfaces\middlewares\validator.handler.ts:25:19)
    at Generator.next (<anonymous>)
    at fulfilled (C:\Users\super\Desktop\cantu-meat\cantu-project\backend\src\shared\interfaces\middlewares\validator.handler.ts:5:58)
    at processTicksAndRejections (node:internal/process/task_queues:105:5)
2026-02-16T08:34:59.281Z - BadRequestError: Error de validación
    at Function.badRequest (C:\Users\super\Desktop\cantu-meat\cantu-project\backend\src\shared\errors\app.error.ts:52:12)
    at ValidatorMiddleware.<anonymous> (C:\Users\super\Desktop\cantu-meat\cantu-project\backend\src\shared\interfaces\middlewares\validator.handler.ts:25:19)
    at Generator.next (<anonymous>)
    at fulfilled (C:\Users\super\Desktop\cantu-meat\cantu-project\backend\src\shared\interfaces\middlewares\validator.handler.ts:5:58)
    at processTicksAndRejections (node:internal/process/task_queues:105:5)
2026-02-16T08:35:34.102Z - BadRequestError: Error de validación
    at Function.badRequest (C:\Users\super\Desktop\cantu-meat\cantu-project\backend\src\shared\errors\app.error.ts:52:12)
    at ValidatorMiddleware.<anonymous> (C:\Users\super\Desktop\cantu-meat\cantu-project\backend\src\shared\interfaces\middlewares\validator.handler.ts:25:19)
    at Generator.next (<anonymous>)
    at fulfilled (C:\Users\super\Desktop\cantu-meat\cantu-project\backend\src\shared\interfaces\middlewares\validator.handler.ts:5:58)
    at processTicksAndRejections (node:internal/process/task_queues:105:5)
2026-02-16T08:35:34.238Z - BadRequestError: Error de validación
    at Function.badRequest (C:\Users\super\Desktop\cantu-meat\cantu-project\backend\src\shared\errors\app.error.ts:52:12)
    at ValidatorMiddleware.<anonymous> (C:\Users\super\Desktop\cantu-meat\cantu-project\backend\src\shared\interfaces\middlewares\validator.handler.ts:25:19)
    at Generator.next (<anonymous>)
    at fulfilled (C:\Users\super\Desktop\cantu-meat\cantu-project\backend\src\shared\interfaces\middlewares\validator.handler.ts:5:58)
    at processTicksAndRejections (node:internal/process/task_queues:105:5)
2026-02-16T08:36:45.459Z - BadRequestError: Error de validación
    at Function.badRequest (C:\Users\super\Desktop\cantu-meat\cantu-project\backend\src\shared\errors\app.error.ts:52:12)
    at ValidatorMiddleware.<anonymous> (C:\Users\super\Desktop\cantu-meat\cantu-project\backend\src\shared\interfaces\middlewares\validator.handler.ts:25:19)
    at Generator.next (<anonymous>)
    at fulfilled (C:\Users\super\Desktop\cantu-meat\cantu-project\backend\src\shared\interfaces\middlewares\validator.handler.ts:5:58)
    at processTicksAndRejections (node:internal/process/task_queues:105:5)
2026-02-16T08:36:45.607Z - BadRequestError: Error de validación
    at Function.badRequest (C:\Users\super\Desktop\cantu-meat\cantu-project\backend\src\shared\errors\app.error.ts:52:12)
    at ValidatorMiddleware.<anonymous> (C:\Users\super\Desktop\cantu-meat\cantu-project\backend\src\shared\interfaces\middlewares\validator.handler.ts:25:19)
    at Generator.next (<anonymous>)
    at fulfilled (C:\Users\super\Desktop\cantu-meat\cantu-project\backend\src\shared\interfaces\middlewares\validator.handler.ts:5:58)
    at processTicksAndRejections (node:internal/process/task_queues:105:5)
2026-02-16T08:36:47.619Z - BadRequestError: Error de validación
    at Function.badRequest (C:\Users\super\Desktop\cantu-meat\cantu-project\backend\src\shared\errors\app.error.ts:52:12)
    at ValidatorMiddleware.<anonymous> (C:\Users\super\Desktop\cantu-meat\cantu-project\backend\src\shared\interfaces\middlewares\validator.handler.ts:25:19)
    at Generator.next (<anonymous>)
    at fulfilled (C:\Users\super\Desktop\cantu-meat\cantu-project\backend\src\shared\interfaces\middlewares\validator.handler.ts:5:58)
    at processTicksAndRejections (node:internal/process/task_queues:105:5)
2026-02-16T08:37:52.732Z - BadRequestError: Error de validación
    at Function.badRequest (C:\Users\super\Desktop\cantu-meat\cantu-project\backend\src\shared\errors\app.error.ts:52:12)
    at ValidatorMiddleware.<anonymous> (C:\Users\super\Desktop\cantu-meat\cantu-project\backend\src\shared\interfaces\middlewares\validator.handler.ts:33:19)
    at Generator.next (<anonymous>)
    at fulfilled (C:\Users\super\Desktop\cantu-meat\cantu-project\backend\src\shared\interfaces\middlewares\validator.handler.ts:5:58)
    at processTicksAndRejections (node:internal/process/task_queues:105:5)
2026-02-16T08:38:01.310Z - BadRequestError: Error de validación
    at Function.badRequest (C:\Users\super\Desktop\cantu-meat\cantu-project\backend\src\shared\errors\app.error.ts:52:12)
    at ValidatorMiddleware.<anonymous> (C:\Users\super\Desktop\cantu-meat\cantu-project\backend\src\shared\interfaces\middlewares\validator.handler.ts:33:19)
    at Generator.next (<anonymous>)
    at fulfilled (C:\Users\super\Desktop\cantu-meat\cantu-project\backend\src\shared\interfaces\middlewares\validator.handler.ts:5:58)
    at processTicksAndRejections (node:internal/process/task_queues:105:5)
2026-02-16T08:38:01.524Z - BadRequestError: Error de validación
    at Function.badRequest (C:\Users\super\Desktop\cantu-meat\cantu-project\backend\src\shared\errors\app.error.ts:52:12)
    at ValidatorMiddleware.<anonymous> (C:\Users\super\Desktop\cantu-meat\cantu-project\backend\src\shared\interfaces\middlewares\validator.handler.ts:33:19)
    at Generator.next (<anonymous>)
    at fulfilled (C:\Users\super\Desktop\cantu-meat\cantu-project\backend\src\shared\interfaces\middlewares\validator.handler.ts:5:58)
    at processTicksAndRejections (node:internal/process/task_queues:105:5)
2026-02-16T08:39:19.337Z - BadRequestError: Error de validación
    at Function.badRequest (C:\Users\super\Desktop\cantu-meat\cantu-project\backend\src\shared\errors\app.error.ts:52:12)
    at ValidatorMiddleware.<anonymous> (C:\Users\super\Desktop\cantu-meat\cantu-project\backend\src\shared\interfaces\middlewares\validator.handler.ts:33:19)
    at Generator.next (<anonymous>)
    at fulfilled (C:\Users\super\Desktop\cantu-meat\cantu-project\backend\src\shared\interfaces\middlewares\validator.handler.ts:5:58)
    at processTicksAndRejections (node:internal/process/task_queues:105:5)
2026-02-16T08:40:12.917Z - BadRequestError: Error de validación
    at Function.badRequest (C:\Users\super\Desktop\cantu-meat\cantu-project\backend\src\shared\errors\app.error.ts:52:12)
    at ValidatorMiddleware.<anonymous> (C:\Users\super\Desktop\cantu-meat\cantu-project\backend\src\shared\interfaces\middlewares\validator.handler.ts:33:19)
    at Generator.next (<anonymous>)
    at fulfilled (C:\Users\super\Desktop\cantu-meat\cantu-project\backend\src\shared\interfaces\middlewares\validator.handler.ts:5:58)
    at processTicksAndRejections (node:internal/process/task_queues:105:5)
2026-02-16T08:40:56.408Z - BadRequestError: Error de validación
    at Function.badRequest (C:\Users\super\Desktop\cantu-meat\cantu-project\backend\src\shared\errors\app.error.ts:52:12)
    at ValidatorMiddleware.<anonymous> (C:\Users\super\Desktop\cantu-meat\cantu-project\backend\src\shared\interfaces\middlewares\validator.handler.ts:33:19)
    at Generator.next (<anonymous>)
    at fulfilled (C:\Users\super\Desktop\cantu-meat\cantu-project\backend\src\shared\interfaces\middlewares\validator.handler.ts:5:58)
    at processTicksAndRejections (node:internal/process/task_queues:105:5)
2026-02-16T08:42:08.497Z - BadRequestError: Error de validación
    at Function.badRequest (C:\Users\super\Desktop\cantu-meat\cantu-project\backend\src\shared\errors\app.error.ts:52:12)
    at ValidatorMiddleware.<anonymous> (C:\Users\super\Desktop\cantu-meat\cantu-project\backend\src\shared\interfaces\middlewares\validator.handler.ts:33:19)
    at Generator.next (<anonymous>)
    at fulfilled (C:\Users\super\Desktop\cantu-meat\cantu-project\backend\src\shared\interfaces\middlewares\validator.handler.ts:5:58)
    at processTicksAndRejections (node:internal/process/task_queues:105:5)
2026-02-16T08:42:19.578Z - BadRequestError: Error de validación
    at Function.badRequest (C:\Users\super\Desktop\cantu-meat\cantu-project\backend\src\shared\errors\app.error.ts:52:12)
    at ValidatorMiddleware.<anonymous> (C:\Users\super\Desktop\cantu-meat\cantu-project\backend\src\shared\interfaces\middlewares\validator.handler.ts:33:19)
    at Generator.next (<anonymous>)
    at fulfilled (C:\Users\super\Desktop\cantu-meat\cantu-project\backend\src\shared\interfaces\middlewares\validator.handler.ts:5:58)
    at processTicksAndRejections (node:internal/process/task_queues:105:5)
